2026-09-27 11:48:52 | INFO | Epoch 1/100 | train_loss: 0.047972 | val_loss: 0.026975 | rmse: 0.164241 | mae: 0.060325 | mape: 55.8106% | r2: 0.972534 | nrmse: 0.048327 | lr: 0.00100000
2026-09-27 11:48:52 | INFO | Saved new best checkpoint at epoch 1 (val_loss: 0.026975) -> /kaggle/working/PV-forecasting-DL/experiments/proposed_qubo/horizon_15/run_5/checkpoints/best_checkpoint.pt
2026-09-27 11:49:20 | INFO | Epoch 2/100 | train_loss: 0.036352 | val_loss: 0.027023 | rmse: 0.164385 | mae: 0.064932 | mape: 59.3276% | r2: 0.972486 | nrmse: 0.048370 | lr: 0.00100000
2026-09-27 11:49:47 | INFO | Epoch 3/100 | train_loss: 0.035446 | val_loss: 0.026351 | rmse: 0.162331 | mae: 0.056646 | mape: 53.8809% | r2: 0.973170 | nrmse: 0.047765 | lr: 0.00100000
2026-09-27 11:49:47 | INFO | Saved new best checkpoint at epoch 3 (val_loss: 0.026351) -> /kaggle/working/PV-forecasting-DL/experiments/proposed_qubo/horizon_15/run_5/checkpoints/best_checkpoint.pt
2026-09-27 11:50:15 | INFO | Epoch 4/100 | train_loss: 0.035050 | val_loss: 0.026573 | rmse: 0.163012 | mae: 0.065537 | mape: 55.4507% | r2: 0.972944 | nrmse: 0.047965 | lr: 0.00100000
2026-09-27 11:50:43 | INFO | Epoch 5/100 | train_loss: 0.034427 | val_loss: 0.026037 | rmse: 0.161360 | mae: 0.061916 | mape: 53.7860% | r2: 0.973489 | nrmse: 0.047480 | lr: 0.00100000
2026-09-27 11:50:43 | INFO | Saved new best checkpoint at epoch 5 (val_loss: 0.026037) -> /kaggle/working/PV-forecasting-DL/experiments/proposed_qubo/horizon_15/run_5/checkpoints/best_checkpoint.pt
2026-09-27 11:51:11 | INFO | Epoch 6/100 | train_loss: 0.034062 | val_loss: 0.025573 | rmse: 0.159916 | mae: 0.056697 | mape: 53.4962% | r2: 0.973962 | nrmse: 0.047055 | lr: 0.00100000
2026-09-27 11:51:11 | INFO | Saved new best checkpoint at epoch 6 (val_loss: 0.025573) -> /kaggle/working/PV-forecasting-DL/experiments/proposed_qubo/horizon_15/run_5/checkpoints/best_checkpoint.pt
2026-09-27 11:51:38 | INFO | Epoch 7/100 | train_loss: 0.033382 | val_loss: 0.026302 | rmse: 0.162178 | mae: 0.059246 | mape: 57.2449% | r2: 0.973220 | nrmse: 0.047720 | lr: 0.00100000
2026-09-27 11:52:06 | INFO | Epoch 8/100 | train_loss: 0.032999 | val_loss: 0.025536 | rmse: 0.159799 | mae: 0.060098 | mape: 54.1981% | r2: 0.974000 | nrmse: 0.047020 | lr: 0.00100000
2026-09-27 11:52:06 | INFO | Saved new best checkpoint at epoch 8 (val_loss: 0.025536) -> /kaggle/working/PV-forecasting-DL/experiments/proposed_qubo/horizon_15/run_5/checkpoints/best_checkpoint.pt
2026-09-27 11:52:34 | INFO | Epoch 9/100 | train_loss: 0.032836 | val_loss: 0.025877 | rmse: 0.160865 | mae: 0.064113 | mape: 53.7531% | r2: 0.973652 | nrmse: 0.047334 | lr: 0.00100000
2026-09-27 11:53:02 | INFO | Epoch 10/100 | train_loss: 0.032715 | val_loss: 0.026115 | rmse: 0.161600 | mae: 0.064910 | mape: 53.6685% | r2: 0.973411 | nrmse: 0.047550 | lr: 0.00100000
2026-09-27 11:53:30 | INFO | Epoch 11/100 | train_loss: 0.032542 | val_loss: 0.025665 | rmse: 0.160202 | mae: 0.063206 | mape: 54.2214% | r2: 0.973869 | nrmse: 0.047139 | lr: 0.00100000
2026-09-27 11:53:58 | INFO | Epoch 12/100 | train_loss: 0.032491 | val_loss: 0.026060 | rmse: 0.161431 | mae: 0.063341 | mape: 51.9459% | r2: 0.973466 | nrmse: 0.047501 | lr: 0.00100000
2026-09-27 11:54:26 | INFO | Epoch 13/100 | train_loss: 0.032430 | val_loss: 0.025237 | rmse: 0.158861 | mae: 0.057105 | mape: 55.6556% | r2: 0.974304 | nrmse: 0.046744 | lr: 0.00100000
2026-09-27 11:54:26 | INFO | Saved new best checkpoint at epoch 13 (val_loss: 0.025237) -> /kaggle/working/PV-forecasting-DL/experiments/proposed_qubo/horizon_15/run_5/checkpoints/best_checkpoint.pt
2026-09-27 11:54:54 | INFO | Epoch 14/100 | train_loss: 0.032391 | val_loss: 0.025448 | rmse: 0.159525 | mae: 0.056682 | mape: 51.6262% | r2: 0.974089 | nrmse: 0.046940 | lr: 0.00100000
2026-09-27 11:55:22 | INFO | Epoch 15/100 | train_loss: 0.032201 | val_loss: 0.025518 | rmse: 0.159743 | mae: 0.057613 | mape: 56.0637% | r2: 0.974018 | nrmse: 0.047004 | lr: 0.00100000
2026-09-27 11:55:50 | INFO | Epoch 16/100 | train_loss: 0.032178 | val_loss: 0.026705 | rmse: 0.163416 | mae: 0.064768 | mape: 48.6229% | r2: 0.972810 | nrmse: 0.048084 | lr: 0.00100000
2026-09-27 11:56:17 | INFO | Epoch 17/100 | train_loss: 0.032244 | val_loss: 0.026383 | rmse: 0.162427 | mae: 0.071728 | mape: 52.7517% | r2: 0.973138 | nrmse: 0.047793 | lr: 0.00100000
2026-09-27 11:56:46 | INFO | Epoch 18/100 | train_loss: 0.032180 | val_loss: 0.025378 | rmse: 0.159303 | mae: 0.057595 | mape: 50.2295% | r2: 0.974161 | nrmse: 0.046874 | lr: 0.00100000
2026-09-27 11:57:13 | INFO | Epoch 19/100 | train_loss: 0.032141 | val_loss: 0.025154 | rmse: 0.158599 | mae: 0.059771 | mape: 53.4770% | r2: 0.974389 | nrmse: 0.046667 | lr: 0.00100000
2026-09-27 11:57:13 | INFO | Saved new best checkpoint at epoch 19 (val_loss: 0.025154) -> /kaggle/working/PV-forecasting-DL/experiments/proposed_qubo/horizon_15/run_5/checkpoints/best_checkpoint.pt
2026-09-27 11:57:41 | INFO | Epoch 20/100 | train_loss: 0.032083 | val_loss: 0.025437 | rmse: 0.159490 | mae: 0.061811 | mape: 48.9174% | r2: 0.974100 | nrmse: 0.046929 | lr: 0.00100000
2026-09-27 11:58:09 | INFO | Epoch 21/100 | train_loss: 0.032084 | val_loss: 0.025493 | rmse: 0.159664 | mae: 0.059582 | mape: 51.9270% | r2: 0.974044 | nrmse: 0.046980 | lr: 0.00100000
2026-09-27 11:58:37 | INFO | Epoch 22/100 | train_loss: 0.032011 | val_loss: 0.025457 | rmse: 0.159553 | mae: 0.059963 | mape: 52.4195% | r2: 0.974080 | nrmse: 0.046948 | lr: 0.00100000
2026-09-27 11:59:05 | INFO | Epoch 23/100 | train_loss: 0.032038 | val_loss: 0.025313 | rmse: 0.159101 | mae: 0.056211 | mape: 50.1330% | r2: 0.974227 | nrmse: 0.046815 | lr: 0.00100000
2026-09-27 11:59:33 | INFO | Epoch 24/100 | train_loss: 0.031967 | val_loss: 0.025566 | rmse: 0.159894 | mae: 0.061776 | mape: 52.6330% | r2: 0.973969 | nrmse: 0.047048 | lr: 0.00100000
2026-09-27 12:00:00 | INFO | Epoch 25/100 | train_loss: 0.031962 | val_loss: 0.025817 | rmse: 0.160677 | mae: 0.061618 | mape: 48.8872% | r2: 0.973713 | nrmse: 0.047279 | lr: 0.00050000
2026-09-27 12:00:29 | INFO | Epoch 26/100 | train_loss: 0.031523 | val_loss: 0.025059 | rmse: 0.158301 | mae: 0.059755 | mape: 53.1161% | r2: 0.974485 | nrmse: 0.046579 | lr: 0.00050000
2026-09-27 12:00:29 | INFO | Saved new best checkpoint at epoch 26 (val_loss: 0.025059) -> /kaggle/working/PV-forecasting-DL/experiments/proposed_qubo/horizon_15/run_5/checkpoints/best_checkpoint.pt
2026-09-27 12:00:56 | INFO | Epoch 27/100 | train_loss: 0.031461 | val_loss: 0.025042 | rmse: 0.158247 | mae: 0.055245 | mape: 51.5567% | r2: 0.974503 | nrmse: 0.046563 | lr: 0.00050000
2026-09-27 12:00:56 | INFO | Saved new best checkpoint at epoch 27 (val_loss: 0.025042) -> /kaggle/working/PV-forecasting-DL/experiments/proposed_qubo/horizon_15/run_5/checkpoints/best_checkpoint.pt
2026-09-27 12:01:24 | INFO | Epoch 28/100 | train_loss: 0.031435 | val_loss: 0.024985 | rmse: 0.158066 | mae: 0.059576 | mape: 50.8263% | r2: 0.974561 | nrmse: 0.046510 | lr: 0.00050000
2026-09-27 12:01:24 | INFO | Saved new best checkpoint at epoch 28 (val_loss: 0.024985) -> /kaggle/working/PV-forecasting-DL/experiments/proposed_qubo/horizon_15/run_5/checkpoints/best_checkpoint.pt
2026-09-27 12:01:52 | INFO | Epoch 29/100 | train_loss: 0.031406 | val_loss: 0.024996 | rmse: 0.158102 | mae: 0.055682 | mape: 49.6056% | r2: 0.974549 | nrmse: 0.046521 | lr: 0.00050000
2026-09-27 12:02:20 | INFO | Epoch 30/100 | train_loss: 0.031407 | val_loss: 0.024769 | rmse: 0.157382 | mae: 0.055065 | mape: 52.3872% | r2: 0.974780 | nrmse: 0.046309 | lr: 0.00050000
2026-09-27 12:02:20 | INFO | Saved new best checkpoint at epoch 30 (val_loss: 0.024769) -> /kaggle/working/PV-forecasting-DL/experiments/proposed_qubo/horizon_15/run_5/checkpoints/best_checkpoint.pt
2026-09-27 12:02:47 | INFO | Epoch 31/100 | train_loss: 0.031329 | val_loss: 0.025167 | rmse: 0.158641 | mae: 0.060477 | mape: 55.5168% | r2: 0.974375 | nrmse: 0.046679 | lr: 0.00050000
2026-09-27 12:03:15 | INFO | Epoch 32/100 | train_loss: 0.031328 | val_loss: 0.024926 | rmse: 0.157881 | mae: 0.059534 | mape: 51.6673% | r2: 0.974620 | nrmse: 0.046456 | lr: 0.00050000
2026-09-27 12:03:43 | INFO | Epoch 33/100 | train_loss: 0.031214 | val_loss: 0.025212 | rmse: 0.158784 | mae: 0.059038 | mape: 48.2581% | r2: 0.974329 | nrmse: 0.046721 | lr: 0.00050000
2026-09-27 12:04:11 | INFO | Epoch 34/100 | train_loss: 0.031254 | val_loss: 0.025537 | rmse: 0.159803 | mae: 0.062809 | mape: 53.6717% | r2: 0.973998 | nrmse: 0.047021 | lr: 0.00050000
2026-09-27 12:04:39 | INFO | Epoch 35/100 | train_loss: 0.031248 | val_loss: 0.025216 | rmse: 0.158795 | mae: 0.059955 | mape: 50.2718% | r2: 0.974325 | nrmse: 0.046725 | lr: 0.00050000
2026-09-27 12:05:07 | INFO | Epoch 36/100 | train_loss: 0.031264 | val_loss: 0.025219 | rmse: 0.158804 | mae: 0.058601 | mape: 49.8784% | r2: 0.974323 | nrmse: 0.046727 | lr: 0.00025000
2026-09-27 12:05:35 | INFO | Epoch 37/100 | train_loss: 0.030948 | val_loss: 0.024927 | rmse: 0.157882 | mae: 0.059240 | mape: 52.9772% | r2: 0.974620 | nrmse: 0.046456 | lr: 0.00025000
2026-09-27 12:06:03 | INFO | Epoch 38/100 | train_loss: 0.030849 | val_loss: 0.025049 | rmse: 0.158267 | mae: 0.060897 | mape: 51.5375% | r2: 0.974496 | nrmse: 0.046569 | lr: 0.00025000
2026-09-27 12:06:31 | INFO | Epoch 39/100 | train_loss: 0.030912 | val_loss: 0.024691 | rmse: 0.157135 | mae: 0.053923 | mape: 51.0463% | r2: 0.974860 | nrmse: 0.046236 | lr: 0.00025000
2026-09-27 12:06:31 | INFO | Saved new best checkpoint at epoch 39 (val_loss: 0.024691) -> /kaggle/working/PV-forecasting-DL/experiments/proposed_qubo/horizon_15/run_5/checkpoints/best_checkpoint.pt
2026-09-27 12:06:59 | INFO | Epoch 40/100 | train_loss: 0.030919 | val_loss: 0.024669 | rmse: 0.157065 | mae: 0.055760 | mape: 51.5512% | r2: 0.974882 | nrmse: 0.046216 | lr: 0.00025000
2026-09-27 12:06:59 | INFO | Saved new best checkpoint at epoch 40 (val_loss: 0.024669) -> /kaggle/working/PV-forecasting-DL/experiments/proposed_qubo/horizon_15/run_5/checkpoints/best_checkpoint.pt
2026-09-27 12:07:27 | INFO | Epoch 41/100 | train_loss: 0.030815 | val_loss: 0.024917 | rmse: 0.157851 | mae: 0.058754 | mape: 49.8064% | r2: 0.974630 | nrmse: 0.046447 | lr: 0.00025000
2026-09-27 12:07:55 | INFO | Epoch 42/100 | train_loss: 0.030824 | val_loss: 0.025116 | rmse: 0.158481 | mae: 0.059713 | mape: 48.8436% | r2: 0.974427 | nrmse: 0.046632 | lr: 0.00025000
2026-09-27 12:08:23 | INFO | Epoch 43/100 | train_loss: 0.030870 | val_loss: 0.024903 | rmse: 0.157806 | mae: 0.058733 | mape: 50.4830% | r2: 0.974644 | nrmse: 0.046434 | lr: 0.00025000
2026-09-27 12:08:52 | INFO | Epoch 44/100 | train_loss: 0.030856 | val_loss: 0.024976 | rmse: 0.158038 | mae: 0.058929 | mape: 50.2113% | r2: 0.974570 | nrmse: 0.046502 | lr: 0.00025000
2026-09-27 12:09:20 | INFO | Epoch 45/100 | train_loss: 0.030910 | val_loss: 0.024743 | rmse: 0.157299 | mae: 0.054386 | mape: 49.6042% | r2: 0.974807 | nrmse: 0.046285 | lr: 0.00025000
2026-09-27 12:09:48 | INFO | Epoch 46/100 | train_loss: 0.030798 | val_loss: 0.024835 | rmse: 0.157592 | mae: 0.058450 | mape: 52.9881% | r2: 0.974713 | nrmse: 0.046371 | lr: 0.00012500
2026-09-27 12:10:16 | INFO | Epoch 47/100 | train_loss: 0.030685 | val_loss: 0.025145 | rmse: 0.158572 | mae: 0.057190 | mape: 46.8920% | r2: 0.974398 | nrmse: 0.046659 | lr: 0.00012500
2026-09-27 12:10:44 | INFO | Epoch 48/100 | train_loss: 0.030642 | val_loss: 0.024816 | rmse: 0.157532 | mae: 0.056135 | mape: 48.3518% | r2: 0.974732 | nrmse: 0.046353 | lr: 0.00012500
2026-09-27 12:11:12 | INFO | Epoch 49/100 | train_loss: 0.030615 | val_loss: 0.024628 | rmse: 0.156932 | mae: 0.055730 | mape: 51.4571% | r2: 0.974925 | nrmse: 0.046176 | lr: 0.00012500
2026-09-27 12:11:12 | INFO | Saved new best checkpoint at epoch 49 (val_loss: 0.024628) -> /kaggle/working/PV-forecasting-DL/experiments/proposed_qubo/horizon_15/run_5/checkpoints/best_checkpoint.pt
2026-09-27 12:11:41 | INFO | Epoch 50/100 | train_loss: 0.030650 | val_loss: 0.024624 | rmse: 0.156921 | mae: 0.054219 | mape: 50.4002% | r2: 0.974928 | nrmse: 0.046173 | lr: 0.00012500
2026-09-27 12:11:41 | INFO | Saved new best checkpoint at epoch 50 (val_loss: 0.024624) -> /kaggle/working/PV-forecasting-DL/experiments/proposed_qubo/horizon_15/run_5/checkpoints/best_checkpoint.pt
2026-09-27 12:12:09 | INFO | Epoch 51/100 | train_loss: 0.030630 | val_loss: 0.024635 | rmse: 0.156956 | mae: 0.053891 | mape: 49.4268% | r2: 0.974917 | nrmse: 0.046184 | lr: 0.00012500
2026-09-27 12:12:37 | INFO | Epoch 52/100 | train_loss: 0.030717 | val_loss: 0.025167 | rmse: 0.158641 | mae: 0.059496 | mape: 49.4200% | r2: 0.974375 | nrmse: 0.046679 | lr: 0.00012500
2026-09-27 12:13:06 | INFO | Epoch 53/100 | train_loss: 0.030648 | val_loss: 0.024844 | rmse: 0.157620 | mae: 0.058292 | mape: 52.6871% | r2: 0.974704 | nrmse: 0.046379 | lr: 0.00012500
2026-09-27 12:13:34 | INFO | Epoch 54/100 | train_loss: 0.030625 | val_loss: 0.024810 | rmse: 0.157512 | mae: 0.057074 | mape: 49.7911% | r2: 0.974739 | nrmse: 0.046347 | lr: 0.00012500
2026-09-27 12:14:03 | INFO | Epoch 55/100 | train_loss: 0.030596 | val_loss: 0.024823 | rmse: 0.157552 | mae: 0.056924 | mape: 51.8226% | r2: 0.974726 | nrmse: 0.046359 | lr: 0.00012500
2026-09-27 12:14:31 | INFO | Epoch 56/100 | train_loss: 0.030648 | val_loss: 0.024619 | rmse: 0.156904 | mae: 0.054537 | mape: 50.6007% | r2: 0.974934 | nrmse: 0.046168 | lr: 0.00012500
2026-09-27 12:14:31 | INFO | Saved new best checkpoint at epoch 56 (val_loss: 0.024619) -> /kaggle/working/PV-forecasting-DL/experiments/proposed_qubo/horizon_15/run_5/checkpoints/best_checkpoint.pt
2026-09-27 12:14:59 | INFO | Epoch 57/100 | train_loss: 0.030631 | val_loss: 0.024772 | rmse: 0.157392 | mae: 0.058144 | mape: 49.8384% | r2: 0.974777 | nrmse: 0.046312 | lr: 0.00012500
2026-09-27 12:15:27 | INFO | Epoch 58/100 | train_loss: 0.030571 | val_loss: 0.024805 | rmse: 0.157497 | mae: 0.058727 | mape: 52.3511% | r2: 0.974744 | nrmse: 0.046343 | lr: 0.00012500
2026-09-27 12:15:55 | INFO | Epoch 59/100 | train_loss: 0.030604 | val_loss: 0.024906 | rmse: 0.157818 | mae: 0.058076 | mape: 50.9315% | r2: 0.974641 | nrmse: 0.046437 | lr: 0.00012500
2026-09-27 12:16:24 | INFO | Epoch 60/100 | train_loss: 0.030539 | val_loss: 0.024929 | rmse: 0.157890 | mae: 0.056899 | mape: 47.8407% | r2: 0.974617 | nrmse: 0.046459 | lr: 0.00012500
2026-09-27 12:16:52 | INFO | Epoch 61/100 | train_loss: 0.030567 | val_loss: 0.024776 | rmse: 0.157405 | mae: 0.056940 | mape: 49.8681% | r2: 0.974773 | nrmse: 0.046316 | lr: 0.00012500
2026-09-27 12:17:21 | INFO | Epoch 62/100 | train_loss: 0.030582 | val_loss: 0.024851 | rmse: 0.157641 | mae: 0.057797 | mape: 50.1213% | r2: 0.974697 | nrmse: 0.046385 | lr: 0.00006250
2026-09-27 12:17:49 | INFO | Epoch 63/100 | train_loss: 0.030526 | val_loss: 0.024619 | rmse: 0.156904 | mae: 0.054763 | mape: 50.6037% | r2: 0.974933 | nrmse: 0.046168 | lr: 0.00006250
2026-09-27 12:18:18 | INFO | Epoch 64/100 | train_loss: 0.030466 | val_loss: 0.024775 | rmse: 0.157402 | mae: 0.057760 | mape: 49.1983% | r2: 0.974774 | nrmse: 0.046315 | lr: 0.00006250
2026-09-27 12:18:46 | INFO | Epoch 65/100 | train_loss: 0.030428 | val_loss: 0.024624 | rmse: 0.156919 | mae: 0.055372 | mape: 51.2292% | r2: 0.974928 | nrmse: 0.046173 | lr: 0.00006250
2026-09-27 12:19:15 | INFO | Epoch 66/100 | train_loss: 0.030455 | val_loss: 0.025016 | rmse: 0.158165 | mae: 0.057018 | mape: 46.6338% | r2: 0.974529 | nrmse: 0.046539 | lr: 0.00006250
2026-09-27 12:19:44 | INFO | Epoch 67/100 | train_loss: 0.030409 | val_loss: 0.024619 | rmse: 0.156904 | mae: 0.055408 | mape: 49.8491% | r2: 0.974933 | nrmse: 0.046168 | lr: 0.00006250
2026-09-27 12:20:13 | INFO | Epoch 68/100 | train_loss: 0.030419 | val_loss: 0.024742 | rmse: 0.157296 | mae: 0.055306 | mape: 49.4919% | r2: 0.974808 | nrmse: 0.046284 | lr: 0.00003125
2026-09-27 12:20:42 | INFO | Epoch 69/100 | train_loss: 0.030438 | val_loss: 0.024767 | rmse: 0.157376 | mae: 0.057893 | mape: 50.4081% | r2: 0.974782 | nrmse: 0.046307 | lr: 0.00003125
2026-09-27 12:21:11 | INFO | Epoch 70/100 | train_loss: 0.030363 | val_loss: 0.024753 | rmse: 0.157330 | mae: 0.056667 | mape: 48.8221% | r2: 0.974797 | nrmse: 0.046294 | lr: 0.00003125
2026-09-27 12:21:39 | INFO | Epoch 71/100 | train_loss: 0.030375 | val_loss: 0.024714 | rmse: 0.157206 | mae: 0.056118 | mape: 50.0230% | r2: 0.974837 | nrmse: 0.046257 | lr: 0.00003125
2026-09-27 12:21:39 | INFO | Early stopping triggered at epoch 71 (no improvement for 15 epochs).
2026-09-27 12:21:39 | INFO | Training history saved to /kaggle/working/PV-forecasting-DL/experiments/proposed_qubo/horizon_15/run_5/history.json
2026-09-27 12:21:40 | INFO | Baseline experiment analysis complete for /kaggle/working/PV-forecasting-DL/experiments/proposed_qubo/horizon_15/run_5.
