2026-09-27 10:25:56 | INFO | Epoch 1/100 | train_loss: 0.046399 | val_loss: 0.027739 | rmse: 0.166550 | mae: 0.064809 | mape: 59.1615% | r2: 0.971757 | nrmse: 0.049007 | lr: 0.00100000
2026-09-27 10:25:56 | INFO | Saved new best checkpoint at epoch 1 (val_loss: 0.027739) -> /kaggle/working/PV-forecasting-DL/experiments/proposed_qubo/horizon_15/run_2/checkpoints/best_checkpoint.pt
2026-09-27 10:26:24 | INFO | Epoch 2/100 | train_loss: 0.035553 | val_loss: 0.028103 | rmse: 0.167641 | mae: 0.070698 | mape: 51.2573% | r2: 0.971385 | nrmse: 0.049328 | lr: 0.00100000
2026-09-27 10:26:52 | INFO | Epoch 3/100 | train_loss: 0.034776 | val_loss: 0.026452 | rmse: 0.162640 | mae: 0.059889 | mape: 58.6560% | r2: 0.973067 | nrmse: 0.047856 | lr: 0.00100000
2026-09-27 10:26:52 | INFO | Saved new best checkpoint at epoch 3 (val_loss: 0.026452) -> /kaggle/working/PV-forecasting-DL/experiments/proposed_qubo/horizon_15/run_2/checkpoints/best_checkpoint.pt
2026-09-27 10:27:19 | INFO | Epoch 4/100 | train_loss: 0.034353 | val_loss: 0.025962 | rmse: 0.161126 | mae: 0.057860 | mape: 56.1240% | r2: 0.973566 | nrmse: 0.047411 | lr: 0.00100000
2026-09-27 10:27:19 | INFO | Saved new best checkpoint at epoch 4 (val_loss: 0.025962) -> /kaggle/working/PV-forecasting-DL/experiments/proposed_qubo/horizon_15/run_2/checkpoints/best_checkpoint.pt
2026-09-27 10:27:46 | INFO | Epoch 5/100 | train_loss: 0.034040 | val_loss: 0.026478 | rmse: 0.162722 | mae: 0.066704 | mape: 54.8020% | r2: 0.973040 | nrmse: 0.047880 | lr: 0.00100000
2026-09-27 10:28:14 | INFO | Epoch 6/100 | train_loss: 0.033865 | val_loss: 0.025707 | rmse: 0.160335 | mae: 0.057423 | mape: 55.3512% | r2: 0.973825 | nrmse: 0.047178 | lr: 0.00100000
2026-09-27 10:28:14 | INFO | Saved new best checkpoint at epoch 6 (val_loss: 0.025707) -> /kaggle/working/PV-forecasting-DL/experiments/proposed_qubo/horizon_15/run_2/checkpoints/best_checkpoint.pt
2026-09-27 10:28:41 | INFO | Epoch 7/100 | train_loss: 0.033727 | val_loss: 0.025929 | rmse: 0.161024 | mae: 0.060951 | mape: 56.3856% | r2: 0.973600 | nrmse: 0.047381 | lr: 0.00100000
2026-09-27 10:29:09 | INFO | Epoch 8/100 | train_loss: 0.033455 | val_loss: 0.026211 | rmse: 0.161899 | mae: 0.071127 | mape: 59.0044% | r2: 0.973312 | nrmse: 0.047638 | lr: 0.00100000
2026-09-27 10:29:36 | INFO | Epoch 9/100 | train_loss: 0.033220 | val_loss: 0.025671 | rmse: 0.160223 | mae: 0.059677 | mape: 55.2831% | r2: 0.973862 | nrmse: 0.047145 | lr: 0.00100000
2026-09-27 10:29:36 | INFO | Saved new best checkpoint at epoch 9 (val_loss: 0.025671) -> /kaggle/working/PV-forecasting-DL/experiments/proposed_qubo/horizon_15/run_2/checkpoints/best_checkpoint.pt
2026-09-27 10:30:04 | INFO | Epoch 10/100 | train_loss: 0.033125 | val_loss: 0.025589 | rmse: 0.159965 | mae: 0.059010 | mape: 54.4571% | r2: 0.973946 | nrmse: 0.047069 | lr: 0.00100000
2026-09-27 10:30:04 | INFO | Saved new best checkpoint at epoch 10 (val_loss: 0.025589) -> /kaggle/working/PV-forecasting-DL/experiments/proposed_qubo/horizon_15/run_2/checkpoints/best_checkpoint.pt
2026-09-27 10:30:32 | INFO | Epoch 11/100 | train_loss: 0.032922 | val_loss: 0.026052 | rmse: 0.161408 | mae: 0.063934 | mape: 56.2754% | r2: 0.973474 | nrmse: 0.047494 | lr: 0.00100000
2026-09-27 10:30:59 | INFO | Epoch 12/100 | train_loss: 0.032903 | val_loss: 0.025454 | rmse: 0.159543 | mae: 0.058147 | mape: 51.4418% | r2: 0.974083 | nrmse: 0.046945 | lr: 0.00100000
2026-09-27 10:30:59 | INFO | Saved new best checkpoint at epoch 12 (val_loss: 0.025454) -> /kaggle/working/PV-forecasting-DL/experiments/proposed_qubo/horizon_15/run_2/checkpoints/best_checkpoint.pt
2026-09-27 10:31:27 | INFO | Epoch 13/100 | train_loss: 0.032811 | val_loss: 0.025311 | rmse: 0.159095 | mae: 0.058376 | mape: 53.1325% | r2: 0.974228 | nrmse: 0.046813 | lr: 0.00100000
2026-09-27 10:31:27 | INFO | Saved new best checkpoint at epoch 13 (val_loss: 0.025311) -> /kaggle/working/PV-forecasting-DL/experiments/proposed_qubo/horizon_15/run_2/checkpoints/best_checkpoint.pt
2026-09-27 10:31:54 | INFO | Epoch 14/100 | train_loss: 0.032848 | val_loss: 0.025701 | rmse: 0.160314 | mae: 0.059810 | mape: 52.1627% | r2: 0.973832 | nrmse: 0.047172 | lr: 0.00100000
2026-09-27 10:32:22 | INFO | Epoch 15/100 | train_loss: 0.032746 | val_loss: 0.025757 | rmse: 0.160490 | mae: 0.061546 | mape: 52.3960% | r2: 0.973774 | nrmse: 0.047224 | lr: 0.00100000
2026-09-27 10:32:49 | INFO | Epoch 16/100 | train_loss: 0.032651 | val_loss: 0.025626 | rmse: 0.160081 | mae: 0.064467 | mape: 56.8810% | r2: 0.973908 | nrmse: 0.047103 | lr: 0.00100000
2026-09-27 10:33:17 | INFO | Epoch 17/100 | train_loss: 0.032631 | val_loss: 0.025308 | rmse: 0.159085 | mae: 0.058518 | mape: 53.4011% | r2: 0.974232 | nrmse: 0.046810 | lr: 0.00100000
2026-09-27 10:33:17 | INFO | Saved new best checkpoint at epoch 17 (val_loss: 0.025308) -> /kaggle/working/PV-forecasting-DL/experiments/proposed_qubo/horizon_15/run_2/checkpoints/best_checkpoint.pt
2026-09-27 10:33:45 | INFO | Epoch 18/100 | train_loss: 0.032578 | val_loss: 0.025365 | rmse: 0.159264 | mae: 0.058197 | mape: 52.2209% | r2: 0.974174 | nrmse: 0.046863 | lr: 0.00100000
2026-09-27 10:34:13 | INFO | Epoch 19/100 | train_loss: 0.032588 | val_loss: 0.025682 | rmse: 0.160257 | mae: 0.064845 | mape: 49.9761% | r2: 0.973851 | nrmse: 0.047155 | lr: 0.00100000
2026-09-27 10:34:41 | INFO | Epoch 20/100 | train_loss: 0.032549 | val_loss: 0.025131 | rmse: 0.158527 | mae: 0.058277 | mape: 53.0105% | r2: 0.974412 | nrmse: 0.046646 | lr: 0.00100000
2026-09-27 10:34:41 | INFO | Saved new best checkpoint at epoch 20 (val_loss: 0.025131) -> /kaggle/working/PV-forecasting-DL/experiments/proposed_qubo/horizon_15/run_2/checkpoints/best_checkpoint.pt
2026-09-27 10:35:09 | INFO | Epoch 21/100 | train_loss: 0.032568 | val_loss: 0.025247 | rmse: 0.158892 | mae: 0.055157 | mape: 50.6213% | r2: 0.974294 | nrmse: 0.046753 | lr: 0.00100000
2026-09-27 10:35:36 | INFO | Epoch 22/100 | train_loss: 0.032443 | val_loss: 0.025484 | rmse: 0.159637 | mae: 0.065104 | mape: 55.5175% | r2: 0.974053 | nrmse: 0.046972 | lr: 0.00100000
2026-09-27 10:36:04 | INFO | Epoch 23/100 | train_loss: 0.032539 | val_loss: 0.025734 | rmse: 0.160417 | mae: 0.065481 | mape: 51.8654% | r2: 0.973798 | nrmse: 0.047202 | lr: 0.00100000
2026-09-27 10:36:32 | INFO | Epoch 24/100 | train_loss: 0.032351 | val_loss: 0.024982 | rmse: 0.158055 | mae: 0.054577 | mape: 53.8309% | r2: 0.974564 | nrmse: 0.046507 | lr: 0.00100000
2026-09-27 10:36:32 | INFO | Saved new best checkpoint at epoch 24 (val_loss: 0.024982) -> /kaggle/working/PV-forecasting-DL/experiments/proposed_qubo/horizon_15/run_2/checkpoints/best_checkpoint.pt
2026-09-27 10:37:00 | INFO | Epoch 25/100 | train_loss: 0.032416 | val_loss: 0.025784 | rmse: 0.160574 | mae: 0.065524 | mape: 51.6035% | r2: 0.973747 | nrmse: 0.047248 | lr: 0.00100000
2026-09-27 10:37:27 | INFO | Epoch 26/100 | train_loss: 0.032396 | val_loss: 0.024968 | rmse: 0.158011 | mae: 0.059029 | mape: 53.0879% | r2: 0.974578 | nrmse: 0.046494 | lr: 0.00100000
2026-09-27 10:37:27 | INFO | Saved new best checkpoint at epoch 26 (val_loss: 0.024968) -> /kaggle/working/PV-forecasting-DL/experiments/proposed_qubo/horizon_15/run_2/checkpoints/best_checkpoint.pt
2026-09-27 10:37:55 | INFO | Epoch 27/100 | train_loss: 0.032341 | val_loss: 0.024902 | rmse: 0.157803 | mae: 0.058211 | mape: 53.8722% | r2: 0.974645 | nrmse: 0.046433 | lr: 0.00100000
2026-09-27 10:37:55 | INFO | Saved new best checkpoint at epoch 27 (val_loss: 0.024902) -> /kaggle/working/PV-forecasting-DL/experiments/proposed_qubo/horizon_15/run_2/checkpoints/best_checkpoint.pt
2026-09-27 10:38:23 | INFO | Epoch 28/100 | train_loss: 0.032363 | val_loss: 0.026145 | rmse: 0.161695 | mae: 0.064369 | mape: 50.7917% | r2: 0.973379 | nrmse: 0.047578 | lr: 0.00100000
2026-09-27 10:38:50 | INFO | Epoch 29/100 | train_loss: 0.032357 | val_loss: 0.025183 | rmse: 0.158692 | mae: 0.061135 | mape: 53.5368% | r2: 0.974359 | nrmse: 0.046695 | lr: 0.00100000
2026-09-27 10:39:18 | INFO | Epoch 30/100 | train_loss: 0.032329 | val_loss: 0.024888 | rmse: 0.157759 | mae: 0.056853 | mape: 52.6529% | r2: 0.974659 | nrmse: 0.046420 | lr: 0.00100000
2026-09-27 10:39:18 | INFO | Saved new best checkpoint at epoch 30 (val_loss: 0.024888) -> /kaggle/working/PV-forecasting-DL/experiments/proposed_qubo/horizon_15/run_2/checkpoints/best_checkpoint.pt
2026-09-27 10:39:46 | INFO | Epoch 31/100 | train_loss: 0.032341 | val_loss: 0.025419 | rmse: 0.159433 | mae: 0.059096 | mape: 52.9988% | r2: 0.974119 | nrmse: 0.046912 | lr: 0.00100000
2026-09-27 10:40:14 | INFO | Epoch 32/100 | train_loss: 0.032344 | val_loss: 0.025447 | rmse: 0.159520 | mae: 0.060581 | mape: 49.6683% | r2: 0.974090 | nrmse: 0.046938 | lr: 0.00100000
2026-09-27 10:40:42 | INFO | Epoch 33/100 | train_loss: 0.032214 | val_loss: 0.024907 | rmse: 0.157819 | mae: 0.054026 | mape: 51.3664% | r2: 0.974640 | nrmse: 0.046438 | lr: 0.00100000
2026-09-27 10:41:10 | INFO | Epoch 34/100 | train_loss: 0.032304 | val_loss: 0.025475 | rmse: 0.159608 | mae: 0.059563 | mape: 50.4958% | r2: 0.974062 | nrmse: 0.046964 | lr: 0.00100000
2026-09-27 10:41:37 | INFO | Epoch 35/100 | train_loss: 0.032416 | val_loss: 0.025213 | rmse: 0.158787 | mae: 0.055924 | mape: 49.2061% | r2: 0.974328 | nrmse: 0.046722 | lr: 0.00100000
2026-09-27 10:42:05 | INFO | Epoch 36/100 | train_loss: 0.032286 | val_loss: 0.024857 | rmse: 0.157663 | mae: 0.054952 | mape: 51.0761% | r2: 0.974690 | nrmse: 0.046392 | lr: 0.00100000
2026-09-27 10:42:05 | INFO | Saved new best checkpoint at epoch 36 (val_loss: 0.024857) -> /kaggle/working/PV-forecasting-DL/experiments/proposed_qubo/horizon_15/run_2/checkpoints/best_checkpoint.pt
2026-09-27 10:42:33 | INFO | Epoch 37/100 | train_loss: 0.032238 | val_loss: 0.025071 | rmse: 0.158338 | mae: 0.055887 | mape: 52.0347% | r2: 0.974473 | nrmse: 0.046590 | lr: 0.00100000
2026-09-27 10:43:01 | INFO | Epoch 38/100 | train_loss: 0.032206 | val_loss: 0.026031 | rmse: 0.161343 | mae: 0.063685 | mape: 48.8101% | r2: 0.973495 | nrmse: 0.047474 | lr: 0.00100000
2026-09-27 10:43:29 | INFO | Epoch 39/100 | train_loss: 0.032192 | val_loss: 0.025281 | rmse: 0.159001 | mae: 0.059891 | mape: 52.9678% | r2: 0.974259 | nrmse: 0.046785 | lr: 0.00100000
2026-09-27 10:43:56 | INFO | Epoch 40/100 | train_loss: 0.032183 | val_loss: 0.025280 | rmse: 0.158998 | mae: 0.056705 | mape: 51.1555% | r2: 0.974260 | nrmse: 0.046784 | lr: 0.00100000
2026-09-27 10:44:24 | INFO | Epoch 41/100 | train_loss: 0.032219 | val_loss: 0.025633 | rmse: 0.160104 | mae: 0.060987 | mape: 50.7902% | r2: 0.973901 | nrmse: 0.047110 | lr: 0.00100000
2026-09-27 10:44:52 | INFO | Epoch 42/100 | train_loss: 0.032196 | val_loss: 0.024992 | rmse: 0.158089 | mae: 0.055511 | mape: 51.7918% | r2: 0.974553 | nrmse: 0.046517 | lr: 0.00050000
2026-09-27 10:45:20 | INFO | Epoch 43/100 | train_loss: 0.031865 | val_loss: 0.025060 | rmse: 0.158302 | mae: 0.062399 | mape: 50.7740% | r2: 0.974485 | nrmse: 0.046580 | lr: 0.00050000
2026-09-27 10:45:48 | INFO | Epoch 44/100 | train_loss: 0.031851 | val_loss: 0.025192 | rmse: 0.158720 | mae: 0.064054 | mape: 51.2718% | r2: 0.974350 | nrmse: 0.046703 | lr: 0.00050000
2026-09-27 10:46:16 | INFO | Epoch 45/100 | train_loss: 0.031758 | val_loss: 0.024919 | rmse: 0.157858 | mae: 0.062851 | mape: 50.7632% | r2: 0.974628 | nrmse: 0.046449 | lr: 0.00050000
2026-09-27 10:46:44 | INFO | Epoch 46/100 | train_loss: 0.031707 | val_loss: 0.025856 | rmse: 0.160799 | mae: 0.067273 | mape: 52.6560% | r2: 0.973673 | nrmse: 0.047314 | lr: 0.00050000
2026-09-27 10:47:12 | INFO | Epoch 47/100 | train_loss: 0.031815 | val_loss: 0.025039 | rmse: 0.158236 | mae: 0.059834 | mape: 50.8359% | r2: 0.974506 | nrmse: 0.046560 | lr: 0.00050000
2026-09-27 10:47:40 | INFO | Epoch 48/100 | train_loss: 0.031709 | val_loss: 0.025660 | rmse: 0.160188 | mae: 0.061250 | mape: 50.9825% | r2: 0.973873 | nrmse: 0.047135 | lr: 0.00025000
2026-09-27 10:48:08 | INFO | Epoch 49/100 | train_loss: 0.031496 | val_loss: 0.025209 | rmse: 0.158774 | mae: 0.062904 | mape: 51.8934% | r2: 0.974332 | nrmse: 0.046719 | lr: 0.00025000
2026-09-27 10:48:36 | INFO | Epoch 50/100 | train_loss: 0.031486 | val_loss: 0.024897 | rmse: 0.157789 | mae: 0.057966 | mape: 50.5464% | r2: 0.974650 | nrmse: 0.046429 | lr: 0.00025000
2026-09-27 10:49:04 | INFO | Epoch 51/100 | train_loss: 0.031535 | val_loss: 0.025208 | rmse: 0.158771 | mae: 0.059742 | mape: 49.4092% | r2: 0.974333 | nrmse: 0.046718 | lr: 0.00025000
2026-09-27 10:49:04 | INFO | Early stopping triggered at epoch 51 (no improvement for 15 epochs).
2026-09-27 10:49:04 | INFO | Training history saved to /kaggle/working/PV-forecasting-DL/experiments/proposed_qubo/horizon_15/run_2/history.json
2026-09-27 10:49:04 | INFO | Baseline experiment analysis complete for /kaggle/working/PV-forecasting-DL/experiments/proposed_qubo/horizon_15/run_2.
