2026-09-27 10:49:50 | INFO | Epoch 1/100 | train_loss: 0.046409 | val_loss: 0.027346 | rmse: 0.165365 | mae: 0.058938 | mape: 58.6641% | r2: 0.972157 | nrmse: 0.048658 | lr: 0.00100000
2026-09-27 10:49:50 | INFO | Saved new best checkpoint at epoch 1 (val_loss: 0.027346) -> /kaggle/working/PV-forecasting-DL/experiments/proposed_qubo/horizon_15/run_3/checkpoints/best_checkpoint.pt
2026-09-27 10:50:18 | INFO | Epoch 2/100 | train_loss: 0.035265 | val_loss: 0.026731 | rmse: 0.163497 | mae: 0.064440 | mape: 60.6362% | r2: 0.972783 | nrmse: 0.048108 | lr: 0.00100000
2026-09-27 10:50:18 | INFO | Saved new best checkpoint at epoch 2 (val_loss: 0.026731) -> /kaggle/working/PV-forecasting-DL/experiments/proposed_qubo/horizon_15/run_3/checkpoints/best_checkpoint.pt
2026-09-27 10:50:45 | INFO | Epoch 3/100 | train_loss: 0.034329 | val_loss: 0.026478 | rmse: 0.162720 | mae: 0.061476 | mape: 59.3631% | r2: 0.973041 | nrmse: 0.047880 | lr: 0.00100000
2026-09-27 10:50:45 | INFO | Saved new best checkpoint at epoch 3 (val_loss: 0.026478) -> /kaggle/working/PV-forecasting-DL/experiments/proposed_qubo/horizon_15/run_3/checkpoints/best_checkpoint.pt
2026-09-27 10:51:13 | INFO | Epoch 4/100 | train_loss: 0.034109 | val_loss: 0.026387 | rmse: 0.162440 | mae: 0.057662 | mape: 59.8169% | r2: 0.973133 | nrmse: 0.047797 | lr: 0.00100000
2026-09-27 10:51:13 | INFO | Saved new best checkpoint at epoch 4 (val_loss: 0.026387) -> /kaggle/working/PV-forecasting-DL/experiments/proposed_qubo/horizon_15/run_3/checkpoints/best_checkpoint.pt
2026-09-27 10:51:40 | INFO | Epoch 5/100 | train_loss: 0.033762 | val_loss: 0.026833 | rmse: 0.163808 | mae: 0.072654 | mape: 56.6919% | r2: 0.972679 | nrmse: 0.048200 | lr: 0.00100000
2026-09-27 10:52:08 | INFO | Epoch 6/100 | train_loss: 0.033588 | val_loss: 0.026191 | rmse: 0.161835 | mae: 0.058694 | mape: 51.8516% | r2: 0.973333 | nrmse: 0.047619 | lr: 0.00100000
2026-09-27 10:52:08 | INFO | Saved new best checkpoint at epoch 6 (val_loss: 0.026191) -> /kaggle/working/PV-forecasting-DL/experiments/proposed_qubo/horizon_15/run_3/checkpoints/best_checkpoint.pt
2026-09-27 10:52:36 | INFO | Epoch 7/100 | train_loss: 0.033367 | val_loss: 0.027153 | rmse: 0.164780 | mae: 0.074137 | mape: 54.7422% | r2: 0.972354 | nrmse: 0.048486 | lr: 0.00100000
2026-09-27 10:53:04 | INFO | Epoch 8/100 | train_loss: 0.033139 | val_loss: 0.025462 | rmse: 0.159569 | mae: 0.059291 | mape: 56.7123% | r2: 0.974075 | nrmse: 0.046952 | lr: 0.00100000
2026-09-27 10:53:04 | INFO | Saved new best checkpoint at epoch 8 (val_loss: 0.025462) -> /kaggle/working/PV-forecasting-DL/experiments/proposed_qubo/horizon_15/run_3/checkpoints/best_checkpoint.pt
2026-09-27 10:53:31 | INFO | Epoch 9/100 | train_loss: 0.032966 | val_loss: 0.025227 | rmse: 0.158831 | mae: 0.058258 | mape: 53.9101% | r2: 0.974314 | nrmse: 0.046735 | lr: 0.00100000
2026-09-27 10:53:31 | INFO | Saved new best checkpoint at epoch 9 (val_loss: 0.025227) -> /kaggle/working/PV-forecasting-DL/experiments/proposed_qubo/horizon_15/run_3/checkpoints/best_checkpoint.pt
2026-09-27 10:53:59 | INFO | Epoch 10/100 | train_loss: 0.032745 | val_loss: 0.025382 | rmse: 0.159317 | mae: 0.054956 | mape: 56.9033% | r2: 0.974157 | nrmse: 0.046878 | lr: 0.00100000
2026-09-27 10:54:27 | INFO | Epoch 11/100 | train_loss: 0.032760 | val_loss: 0.025590 | rmse: 0.159970 | mae: 0.062931 | mape: 55.8839% | r2: 0.973944 | nrmse: 0.047070 | lr: 0.00100000
2026-09-27 10:54:55 | INFO | Epoch 12/100 | train_loss: 0.032585 | val_loss: 0.025705 | rmse: 0.160328 | mae: 0.060149 | mape: 50.1161% | r2: 0.973827 | nrmse: 0.047176 | lr: 0.00100000
2026-09-27 10:55:23 | INFO | Epoch 13/100 | train_loss: 0.032577 | val_loss: 0.025504 | rmse: 0.159701 | mae: 0.056249 | mape: 57.8588% | r2: 0.974032 | nrmse: 0.046991 | lr: 0.00100000
2026-09-27 10:55:51 | INFO | Epoch 14/100 | train_loss: 0.032518 | val_loss: 0.025530 | rmse: 0.159781 | mae: 0.055792 | mape: 52.5985% | r2: 0.974006 | nrmse: 0.047015 | lr: 0.00100000
2026-09-27 10:56:19 | INFO | Epoch 15/100 | train_loss: 0.032501 | val_loss: 0.026028 | rmse: 0.161332 | mae: 0.060416 | mape: 50.0362% | r2: 0.973499 | nrmse: 0.047471 | lr: 0.00050000
2026-09-27 10:56:46 | INFO | Epoch 16/100 | train_loss: 0.032075 | val_loss: 0.025141 | rmse: 0.158558 | mae: 0.055514 | mape: 54.7982% | r2: 0.974402 | nrmse: 0.046655 | lr: 0.00050000
2026-09-27 10:56:46 | INFO | Saved new best checkpoint at epoch 16 (val_loss: 0.025141) -> /kaggle/working/PV-forecasting-DL/experiments/proposed_qubo/horizon_15/run_3/checkpoints/best_checkpoint.pt
2026-09-27 10:57:14 | INFO | Epoch 17/100 | train_loss: 0.032038 | val_loss: 0.025215 | rmse: 0.158793 | mae: 0.056457 | mape: 51.9288% | r2: 0.974326 | nrmse: 0.046724 | lr: 0.00050000
2026-09-27 10:57:42 | INFO | Epoch 18/100 | train_loss: 0.032038 | val_loss: 0.025054 | rmse: 0.158286 | mae: 0.056925 | mape: 53.0673% | r2: 0.974490 | nrmse: 0.046575 | lr: 0.00050000
2026-09-27 10:57:42 | INFO | Saved new best checkpoint at epoch 18 (val_loss: 0.025054) -> /kaggle/working/PV-forecasting-DL/experiments/proposed_qubo/horizon_15/run_3/checkpoints/best_checkpoint.pt
2026-09-27 10:58:10 | INFO | Epoch 19/100 | train_loss: 0.032021 | val_loss: 0.025057 | rmse: 0.158294 | mae: 0.059009 | mape: 54.1965% | r2: 0.974487 | nrmse: 0.046577 | lr: 0.00050000
2026-09-27 10:58:38 | INFO | Epoch 20/100 | train_loss: 0.032002 | val_loss: 0.025290 | rmse: 0.159028 | mae: 0.060647 | mape: 51.2036% | r2: 0.974250 | nrmse: 0.046793 | lr: 0.00050000
2026-09-27 10:59:05 | INFO | Epoch 21/100 | train_loss: 0.031853 | val_loss: 0.025379 | rmse: 0.159309 | mae: 0.061446 | mape: 53.6264% | r2: 0.974159 | nrmse: 0.046876 | lr: 0.00050000
2026-09-27 10:59:33 | INFO | Epoch 22/100 | train_loss: 0.031878 | val_loss: 0.025161 | rmse: 0.158623 | mae: 0.057328 | mape: 56.7468% | r2: 0.974381 | nrmse: 0.046674 | lr: 0.00050000
2026-09-27 11:00:01 | INFO | Epoch 23/100 | train_loss: 0.031853 | val_loss: 0.025003 | rmse: 0.158122 | mae: 0.052946 | mape: 52.8860% | r2: 0.974543 | nrmse: 0.046527 | lr: 0.00050000
2026-09-27 11:00:01 | INFO | Saved new best checkpoint at epoch 23 (val_loss: 0.025003) -> /kaggle/working/PV-forecasting-DL/experiments/proposed_qubo/horizon_15/run_3/checkpoints/best_checkpoint.pt
2026-09-27 11:00:28 | INFO | Epoch 24/100 | train_loss: 0.031933 | val_loss: 0.025385 | rmse: 0.159326 | mae: 0.061763 | mape: 51.7757% | r2: 0.974154 | nrmse: 0.046881 | lr: 0.00050000
2026-09-27 11:00:56 | INFO | Epoch 25/100 | train_loss: 0.031755 | val_loss: 0.025199 | rmse: 0.158742 | mae: 0.057657 | mape: 53.2622% | r2: 0.974343 | nrmse: 0.046709 | lr: 0.00050000
2026-09-27 11:01:24 | INFO | Epoch 26/100 | train_loss: 0.031825 | val_loss: 0.025073 | rmse: 0.158345 | mae: 0.057068 | mape: 53.7429% | r2: 0.974471 | nrmse: 0.046592 | lr: 0.00050000
2026-09-27 11:01:52 | INFO | Epoch 27/100 | train_loss: 0.031781 | val_loss: 0.025300 | rmse: 0.159060 | mae: 0.062750 | mape: 52.1102% | r2: 0.974240 | nrmse: 0.046803 | lr: 0.00050000
2026-09-27 11:02:20 | INFO | Epoch 28/100 | train_loss: 0.031724 | val_loss: 0.025279 | rmse: 0.158994 | mae: 0.057962 | mape: 55.2335% | r2: 0.974261 | nrmse: 0.046783 | lr: 0.00050000
2026-09-27 11:02:48 | INFO | Epoch 29/100 | train_loss: 0.031824 | val_loss: 0.025177 | rmse: 0.158673 | mae: 0.054470 | mape: 49.6986% | r2: 0.974365 | nrmse: 0.046689 | lr: 0.00025000
2026-09-27 11:03:16 | INFO | Epoch 30/100 | train_loss: 0.031440 | val_loss: 0.024946 | rmse: 0.157943 | mae: 0.058169 | mape: 52.0044% | r2: 0.974600 | nrmse: 0.046474 | lr: 0.00025000
2026-09-27 11:03:16 | INFO | Saved new best checkpoint at epoch 30 (val_loss: 0.024946) -> /kaggle/working/PV-forecasting-DL/experiments/proposed_qubo/horizon_15/run_3/checkpoints/best_checkpoint.pt
2026-09-27 11:03:44 | INFO | Epoch 31/100 | train_loss: 0.031502 | val_loss: 0.024858 | rmse: 0.157664 | mae: 0.058512 | mape: 51.4475% | r2: 0.974690 | nrmse: 0.046392 | lr: 0.00025000
2026-09-27 11:03:44 | INFO | Saved new best checkpoint at epoch 31 (val_loss: 0.024858) -> /kaggle/working/PV-forecasting-DL/experiments/proposed_qubo/horizon_15/run_3/checkpoints/best_checkpoint.pt
2026-09-27 11:04:12 | INFO | Epoch 32/100 | train_loss: 0.031426 | val_loss: 0.024742 | rmse: 0.157295 | mae: 0.053707 | mape: 51.2723% | r2: 0.974808 | nrmse: 0.046283 | lr: 0.00025000
2026-09-27 11:04:12 | INFO | Saved new best checkpoint at epoch 32 (val_loss: 0.024742) -> /kaggle/working/PV-forecasting-DL/experiments/proposed_qubo/horizon_15/run_3/checkpoints/best_checkpoint.pt
2026-09-27 11:04:40 | INFO | Epoch 33/100 | train_loss: 0.031361 | val_loss: 0.024850 | rmse: 0.157637 | mae: 0.055135 | mape: 53.9828% | r2: 0.974699 | nrmse: 0.046384 | lr: 0.00025000
2026-09-27 11:05:08 | INFO | Epoch 34/100 | train_loss: 0.031402 | val_loss: 0.024787 | rmse: 0.157440 | mae: 0.056489 | mape: 52.7971% | r2: 0.974762 | nrmse: 0.046326 | lr: 0.00025000
2026-09-27 11:05:36 | INFO | Epoch 35/100 | train_loss: 0.031409 | val_loss: 0.024769 | rmse: 0.157380 | mae: 0.056146 | mape: 52.3248% | r2: 0.974781 | nrmse: 0.046309 | lr: 0.00025000
2026-09-27 11:06:04 | INFO | Epoch 36/100 | train_loss: 0.031373 | val_loss: 0.024834 | rmse: 0.157589 | mae: 0.054939 | mape: 53.0974% | r2: 0.974714 | nrmse: 0.046370 | lr: 0.00025000
2026-09-27 11:06:32 | INFO | Epoch 37/100 | train_loss: 0.031289 | val_loss: 0.024975 | rmse: 0.158034 | mae: 0.059762 | mape: 55.2259% | r2: 0.974571 | nrmse: 0.046501 | lr: 0.00025000
2026-09-27 11:07:00 | INFO | Epoch 38/100 | train_loss: 0.031393 | val_loss: 0.025247 | rmse: 0.158893 | mae: 0.061234 | mape: 52.5349% | r2: 0.974294 | nrmse: 0.046754 | lr: 0.00012500
2026-09-27 11:07:28 | INFO | Epoch 39/100 | train_loss: 0.031139 | val_loss: 0.024762 | rmse: 0.157361 | mae: 0.057962 | mape: 52.2303% | r2: 0.974787 | nrmse: 0.046303 | lr: 0.00012500
2026-09-27 11:07:56 | INFO | Epoch 40/100 | train_loss: 0.031214 | val_loss: 0.025061 | rmse: 0.158307 | mae: 0.062246 | mape: 52.8292% | r2: 0.974483 | nrmse: 0.046581 | lr: 0.00012500
2026-09-27 11:08:24 | INFO | Epoch 41/100 | train_loss: 0.031182 | val_loss: 0.024962 | rmse: 0.157995 | mae: 0.056936 | mape: 50.5489% | r2: 0.974584 | nrmse: 0.046489 | lr: 0.00012500
2026-09-27 11:08:52 | INFO | Epoch 42/100 | train_loss: 0.031070 | val_loss: 0.024771 | rmse: 0.157388 | mae: 0.054780 | mape: 51.9142% | r2: 0.974779 | nrmse: 0.046311 | lr: 0.00012500
2026-09-27 11:09:19 | INFO | Epoch 43/100 | train_loss: 0.031167 | val_loss: 0.024931 | rmse: 0.157896 | mae: 0.059020 | mape: 51.3534% | r2: 0.974616 | nrmse: 0.046460 | lr: 0.00012500
2026-09-27 11:09:47 | INFO | Epoch 44/100 | train_loss: 0.031113 | val_loss: 0.025010 | rmse: 0.158145 | mae: 0.057629 | mape: 53.2969% | r2: 0.974535 | nrmse: 0.046534 | lr: 0.00006250
2026-09-27 11:10:16 | INFO | Epoch 45/100 | train_loss: 0.031063 | val_loss: 0.024959 | rmse: 0.157983 | mae: 0.057657 | mape: 53.0283% | r2: 0.974587 | nrmse: 0.046486 | lr: 0.00006250
2026-09-27 11:10:43 | INFO | Epoch 46/100 | train_loss: 0.030995 | val_loss: 0.024713 | rmse: 0.157205 | mae: 0.056426 | mape: 52.5622% | r2: 0.974837 | nrmse: 0.046257 | lr: 0.00006250
2026-09-27 11:10:43 | INFO | Saved new best checkpoint at epoch 46 (val_loss: 0.024713) -> /kaggle/working/PV-forecasting-DL/experiments/proposed_qubo/horizon_15/run_3/checkpoints/best_checkpoint.pt
2026-09-27 11:11:12 | INFO | Epoch 47/100 | train_loss: 0.030897 | val_loss: 0.024687 | rmse: 0.157120 | mae: 0.055995 | mape: 54.2530% | r2: 0.974864 | nrmse: 0.046232 | lr: 0.00006250
2026-09-27 11:11:12 | INFO | Saved new best checkpoint at epoch 47 (val_loss: 0.024687) -> /kaggle/working/PV-forecasting-DL/experiments/proposed_qubo/horizon_15/run_3/checkpoints/best_checkpoint.pt
2026-09-27 11:11:40 | INFO | Epoch 48/100 | train_loss: 0.030991 | val_loss: 0.024748 | rmse: 0.157316 | mae: 0.057172 | mape: 52.5164% | r2: 0.974802 | nrmse: 0.046290 | lr: 0.00006250
2026-09-27 11:12:07 | INFO | Epoch 49/100 | train_loss: 0.031046 | val_loss: 0.024673 | rmse: 0.157077 | mae: 0.055744 | mape: 52.3078% | r2: 0.974878 | nrmse: 0.046219 | lr: 0.00006250
2026-09-27 11:12:07 | INFO | Saved new best checkpoint at epoch 49 (val_loss: 0.024673) -> /kaggle/working/PV-forecasting-DL/experiments/proposed_qubo/horizon_15/run_3/checkpoints/best_checkpoint.pt
2026-09-27 11:12:36 | INFO | Epoch 50/100 | train_loss: 0.030895 | val_loss: 0.024763 | rmse: 0.157364 | mae: 0.056146 | mape: 52.5900% | r2: 0.974786 | nrmse: 0.046304 | lr: 0.00006250
2026-09-27 11:13:04 | INFO | Epoch 51/100 | train_loss: 0.030977 | val_loss: 0.025033 | rmse: 0.158218 | mae: 0.058365 | mape: 51.5228% | r2: 0.974512 | nrmse: 0.046555 | lr: 0.00006250
2026-09-27 11:13:32 | INFO | Epoch 52/100 | train_loss: 0.030975 | val_loss: 0.024851 | rmse: 0.157641 | mae: 0.058877 | mape: 52.7139% | r2: 0.974697 | nrmse: 0.046385 | lr: 0.00006250
2026-09-27 11:13:59 | INFO | Epoch 53/100 | train_loss: 0.030866 | val_loss: 0.025232 | rmse: 0.158847 | mae: 0.058412 | mape: 54.7299% | r2: 0.974309 | nrmse: 0.046740 | lr: 0.00006250
2026-09-27 11:14:27 | INFO | Epoch 54/100 | train_loss: 0.030905 | val_loss: 0.025263 | rmse: 0.158944 | mae: 0.059556 | mape: 52.6192% | r2: 0.974277 | nrmse: 0.046769 | lr: 0.00006250
2026-09-27 11:14:55 | INFO | Epoch 55/100 | train_loss: 0.030879 | val_loss: 0.024787 | rmse: 0.157438 | mae: 0.057873 | mape: 53.0025% | r2: 0.974763 | nrmse: 0.046325 | lr: 0.00003125
2026-09-27 11:15:24 | INFO | Epoch 56/100 | train_loss: 0.030874 | val_loss: 0.024752 | rmse: 0.157327 | mae: 0.057923 | mape: 52.3047% | r2: 0.974798 | nrmse: 0.046293 | lr: 0.00003125
2026-09-27 11:15:52 | INFO | Epoch 57/100 | train_loss: 0.030907 | val_loss: 0.024711 | rmse: 0.157198 | mae: 0.057263 | mape: 51.9549% | r2: 0.974839 | nrmse: 0.046255 | lr: 0.00003125
2026-09-27 11:16:19 | INFO | Epoch 58/100 | train_loss: 0.030840 | val_loss: 0.024806 | rmse: 0.157499 | mae: 0.059239 | mape: 52.5248% | r2: 0.974743 | nrmse: 0.046343 | lr: 0.00003125
2026-09-27 11:16:47 | INFO | Epoch 59/100 | train_loss: 0.030936 | val_loss: 0.024718 | rmse: 0.157218 | mae: 0.057548 | mape: 52.6776% | r2: 0.974833 | nrmse: 0.046261 | lr: 0.00003125
2026-09-27 11:17:15 | INFO | Epoch 60/100 | train_loss: 0.030848 | val_loss: 0.025241 | rmse: 0.158875 | mae: 0.057159 | mape: 55.4083% | r2: 0.974300 | nrmse: 0.046748 | lr: 0.00003125
2026-09-27 11:17:43 | INFO | Epoch 61/100 | train_loss: 0.030837 | val_loss: 0.025009 | rmse: 0.158143 | mae: 0.057056 | mape: 51.2515% | r2: 0.974536 | nrmse: 0.046533 | lr: 0.00001563
2026-09-27 11:18:12 | INFO | Epoch 62/100 | train_loss: 0.030838 | val_loss: 0.024852 | rmse: 0.157646 | mae: 0.056817 | mape: 51.6678% | r2: 0.974696 | nrmse: 0.046387 | lr: 0.00001563
2026-09-27 11:18:40 | INFO | Epoch 63/100 | train_loss: 0.030775 | val_loss: 0.025294 | rmse: 0.159042 | mae: 0.057967 | mape: 55.1301% | r2: 0.974246 | nrmse: 0.046797 | lr: 0.00001563
2026-09-27 11:19:07 | INFO | Epoch 64/100 | train_loss: 0.030780 | val_loss: 0.024691 | rmse: 0.157133 | mae: 0.056678 | mape: 52.1365% | r2: 0.974860 | nrmse: 0.046236 | lr: 0.00001563
2026-09-27 11:19:07 | INFO | Early stopping triggered at epoch 64 (no improvement for 15 epochs).
2026-09-27 11:19:07 | INFO | Training history saved to /kaggle/working/PV-forecasting-DL/experiments/proposed_qubo/horizon_15/run_3/history.json
2026-09-27 11:19:08 | INFO | Baseline experiment analysis complete for /kaggle/working/PV-forecasting-DL/experiments/proposed_qubo/horizon_15/run_3.
