2026-07-26 14:44:48 | INFO | Epoch 1/100 | train_loss: 0.053750 | val_loss: 0.029415 | rmse: 0.171507 | mae: 0.073514 | mape: 64.6099% | r2: 0.970050 | nrmse: 0.050465 | lr: 0.00100000
2026-07-26 14:44:48 | INFO | Saved new best checkpoint at epoch 1 (val_loss: 0.029415) -> /kaggle/working/PV-forecasting-DL/experiments/proposed_no_fusion/horizon_15/run_5/checkpoints/best_checkpoint.pt
2026-07-26 14:45:18 | INFO | Epoch 2/100 | train_loss: 0.037235 | val_loss: 0.027756 | rmse: 0.166600 | mae: 0.064394 | mape: 58.8666% | r2: 0.971740 | nrmse: 0.049021 | lr: 0.00100000
2026-07-26 14:45:18 | INFO | Saved new best checkpoint at epoch 2 (val_loss: 0.027756) -> /kaggle/working/PV-forecasting-DL/experiments/proposed_no_fusion/horizon_15/run_5/checkpoints/best_checkpoint.pt
2026-07-26 14:45:48 | INFO | Epoch 3/100 | train_loss: 0.035380 | val_loss: 0.026807 | rmse: 0.163728 | mae: 0.061694 | mape: 55.6080% | r2: 0.972706 | nrmse: 0.048176 | lr: 0.00100000
2026-07-26 14:45:48 | INFO | Saved new best checkpoint at epoch 3 (val_loss: 0.026807) -> /kaggle/working/PV-forecasting-DL/experiments/proposed_no_fusion/horizon_15/run_5/checkpoints/best_checkpoint.pt
2026-07-26 14:46:18 | INFO | Epoch 4/100 | train_loss: 0.034838 | val_loss: 0.026638 | rmse: 0.163213 | mae: 0.062241 | mape: 59.1168% | r2: 0.972877 | nrmse: 0.048025 | lr: 0.00100000
2026-07-26 14:46:18 | INFO | Saved new best checkpoint at epoch 4 (val_loss: 0.026638) -> /kaggle/working/PV-forecasting-DL/experiments/proposed_no_fusion/horizon_15/run_5/checkpoints/best_checkpoint.pt
2026-07-26 14:46:48 | INFO | Epoch 5/100 | train_loss: 0.034585 | val_loss: 0.026476 | rmse: 0.162716 | mae: 0.056981 | mape: 54.3582% | r2: 0.973042 | nrmse: 0.047878 | lr: 0.00100000
2026-07-26 14:46:48 | INFO | Saved new best checkpoint at epoch 5 (val_loss: 0.026476) -> /kaggle/working/PV-forecasting-DL/experiments/proposed_no_fusion/horizon_15/run_5/checkpoints/best_checkpoint.pt
2026-07-26 14:47:18 | INFO | Epoch 6/100 | train_loss: 0.034329 | val_loss: 0.026963 | rmse: 0.164204 | mae: 0.070312 | mape: 55.8645% | r2: 0.972547 | nrmse: 0.048316 | lr: 0.00100000
2026-07-26 14:47:49 | INFO | Epoch 7/100 | train_loss: 0.034070 | val_loss: 0.026232 | rmse: 0.161964 | mae: 0.058564 | mape: 61.7709% | r2: 0.973291 | nrmse: 0.047657 | lr: 0.00100000
2026-07-26 14:47:49 | INFO | Saved new best checkpoint at epoch 7 (val_loss: 0.026232) -> /kaggle/working/PV-forecasting-DL/experiments/proposed_no_fusion/horizon_15/run_5/checkpoints/best_checkpoint.pt
2026-07-26 14:48:20 | INFO | Epoch 8/100 | train_loss: 0.033886 | val_loss: 0.026482 | rmse: 0.162733 | mae: 0.068500 | mape: 61.3307% | r2: 0.973036 | nrmse: 0.047884 | lr: 0.00100000
2026-07-26 14:48:50 | INFO | Epoch 9/100 | train_loss: 0.033941 | val_loss: 0.026278 | rmse: 0.162106 | mae: 0.062968 | mape: 54.6448% | r2: 0.973244 | nrmse: 0.047699 | lr: 0.00100000
2026-07-26 14:49:20 | INFO | Epoch 10/100 | train_loss: 0.033618 | val_loss: 0.025826 | rmse: 0.160706 | mae: 0.058159 | mape: 54.3226% | r2: 0.973704 | nrmse: 0.047287 | lr: 0.00100000
2026-07-26 14:49:20 | INFO | Saved new best checkpoint at epoch 10 (val_loss: 0.025826) -> /kaggle/working/PV-forecasting-DL/experiments/proposed_no_fusion/horizon_15/run_5/checkpoints/best_checkpoint.pt
2026-07-26 14:49:49 | INFO | Epoch 11/100 | train_loss: 0.033632 | val_loss: 0.026040 | rmse: 0.161369 | mae: 0.060271 | mape: 54.5483% | r2: 0.973486 | nrmse: 0.047482 | lr: 0.00100000
2026-07-26 14:50:20 | INFO | Epoch 12/100 | train_loss: 0.033536 | val_loss: 0.025785 | rmse: 0.160577 | mae: 0.058088 | mape: 54.1835% | r2: 0.973746 | nrmse: 0.047249 | lr: 0.00100000
2026-07-26 14:50:20 | INFO | Saved new best checkpoint at epoch 12 (val_loss: 0.025785) -> /kaggle/working/PV-forecasting-DL/experiments/proposed_no_fusion/horizon_15/run_5/checkpoints/best_checkpoint.pt
2026-07-26 14:50:49 | INFO | Epoch 13/100 | train_loss: 0.033468 | val_loss: 0.025810 | rmse: 0.160656 | mae: 0.057026 | mape: 55.4461% | r2: 0.973720 | nrmse: 0.047272 | lr: 0.00100000
2026-07-26 14:51:20 | INFO | Epoch 14/100 | train_loss: 0.033433 | val_loss: 0.026041 | rmse: 0.161373 | mae: 0.063339 | mape: 53.4181% | r2: 0.973485 | nrmse: 0.047483 | lr: 0.00100000
2026-07-26 14:51:51 | INFO | Epoch 15/100 | train_loss: 0.033271 | val_loss: 0.026323 | rmse: 0.162245 | mae: 0.062750 | mape: 51.9861% | r2: 0.973198 | nrmse: 0.047740 | lr: 0.00100000
2026-07-26 14:52:22 | INFO | Epoch 16/100 | train_loss: 0.033172 | val_loss: 0.027414 | rmse: 0.165572 | mae: 0.073934 | mape: 55.3985% | r2: 0.972087 | nrmse: 0.048719 | lr: 0.00100000
2026-07-26 14:52:55 | INFO | Epoch 17/100 | train_loss: 0.033087 | val_loss: 0.026619 | rmse: 0.163154 | mae: 0.065533 | mape: 56.6377% | r2: 0.972897 | nrmse: 0.048007 | lr: 0.00100000
2026-07-26 14:53:26 | INFO | Epoch 18/100 | train_loss: 0.033012 | val_loss: 0.026966 | rmse: 0.164214 | mae: 0.071010 | mape: 54.8938% | r2: 0.972543 | nrmse: 0.048319 | lr: 0.00050000
2026-07-26 14:53:56 | INFO | Epoch 19/100 | train_loss: 0.032579 | val_loss: 0.025622 | rmse: 0.160070 | mae: 0.058671 | mape: 52.5245% | r2: 0.973912 | nrmse: 0.047100 | lr: 0.00050000
2026-07-26 14:53:56 | INFO | Saved new best checkpoint at epoch 19 (val_loss: 0.025622) -> /kaggle/working/PV-forecasting-DL/experiments/proposed_no_fusion/horizon_15/run_5/checkpoints/best_checkpoint.pt
2026-07-26 14:54:26 | INFO | Epoch 20/100 | train_loss: 0.032561 | val_loss: 0.025320 | rmse: 0.159122 | mae: 0.057188 | mape: 55.6980% | r2: 0.974220 | nrmse: 0.046821 | lr: 0.00050000
2026-07-26 14:54:26 | INFO | Saved new best checkpoint at epoch 20 (val_loss: 0.025320) -> /kaggle/working/PV-forecasting-DL/experiments/proposed_no_fusion/horizon_15/run_5/checkpoints/best_checkpoint.pt
2026-07-26 14:54:57 | INFO | Epoch 21/100 | train_loss: 0.032328 | val_loss: 0.025367 | rmse: 0.159271 | mae: 0.059071 | mape: 55.1316% | r2: 0.974172 | nrmse: 0.046865 | lr: 0.00050000
2026-07-26 14:55:28 | INFO | Epoch 22/100 | train_loss: 0.032387 | val_loss: 0.025907 | rmse: 0.160956 | mae: 0.059594 | mape: 55.0271% | r2: 0.973622 | nrmse: 0.047361 | lr: 0.00050000
2026-07-26 14:55:59 | INFO | Epoch 23/100 | train_loss: 0.032435 | val_loss: 0.025149 | rmse: 0.158586 | mae: 0.057386 | mape: 56.9319% | r2: 0.974393 | nrmse: 0.046663 | lr: 0.00050000
2026-07-26 14:55:59 | INFO | Saved new best checkpoint at epoch 23 (val_loss: 0.025149) -> /kaggle/working/PV-forecasting-DL/experiments/proposed_no_fusion/horizon_15/run_5/checkpoints/best_checkpoint.pt
2026-07-26 14:56:32 | INFO | Epoch 24/100 | train_loss: 0.032410 | val_loss: 0.026732 | rmse: 0.163500 | mae: 0.074629 | mape: 55.6373% | r2: 0.972782 | nrmse: 0.048109 | lr: 0.00050000
2026-07-26 14:57:03 | INFO | Epoch 25/100 | train_loss: 0.032429 | val_loss: 0.026249 | rmse: 0.162016 | mae: 0.064527 | mape: 54.7274% | r2: 0.973274 | nrmse: 0.047672 | lr: 0.00050000
2026-07-26 14:57:35 | INFO | Epoch 26/100 | train_loss: 0.032329 | val_loss: 0.025864 | rmse: 0.160822 | mae: 0.062217 | mape: 50.0930% | r2: 0.973666 | nrmse: 0.047321 | lr: 0.00050000
2026-07-26 14:58:07 | INFO | Epoch 27/100 | train_loss: 0.032231 | val_loss: 0.025384 | rmse: 0.159322 | mae: 0.059165 | mape: 53.9845% | r2: 0.974155 | nrmse: 0.046880 | lr: 0.00050000
2026-07-26 14:58:39 | INFO | Epoch 28/100 | train_loss: 0.032276 | val_loss: 0.025601 | rmse: 0.160003 | mae: 0.059871 | mape: 51.0726% | r2: 0.973933 | nrmse: 0.047080 | lr: 0.00050000
2026-07-26 14:59:09 | INFO | Epoch 29/100 | train_loss: 0.032229 | val_loss: 0.025435 | rmse: 0.159484 | mae: 0.059145 | mape: 53.8635% | r2: 0.974102 | nrmse: 0.046927 | lr: 0.00025000
2026-07-26 14:59:40 | INFO | Epoch 30/100 | train_loss: 0.031965 | val_loss: 0.025428 | rmse: 0.159460 | mae: 0.059965 | mape: 50.4054% | r2: 0.974110 | nrmse: 0.046920 | lr: 0.00025000
2026-07-26 15:00:10 | INFO | Epoch 31/100 | train_loss: 0.031832 | val_loss: 0.025223 | rmse: 0.158816 | mae: 0.058371 | mape: 53.1803% | r2: 0.974319 | nrmse: 0.046731 | lr: 0.00025000
2026-07-26 15:00:40 | INFO | Epoch 32/100 | train_loss: 0.031842 | val_loss: 0.025031 | rmse: 0.158211 | mae: 0.055617 | mape: 51.1329% | r2: 0.974514 | nrmse: 0.046553 | lr: 0.00025000
2026-07-26 15:00:40 | INFO | Saved new best checkpoint at epoch 32 (val_loss: 0.025031) -> /kaggle/working/PV-forecasting-DL/experiments/proposed_no_fusion/horizon_15/run_5/checkpoints/best_checkpoint.pt
2026-07-26 15:01:10 | INFO | Epoch 33/100 | train_loss: 0.031913 | val_loss: 0.024972 | rmse: 0.158025 | mae: 0.056217 | mape: 52.9286% | r2: 0.974574 | nrmse: 0.046498 | lr: 0.00025000
2026-07-26 15:01:10 | INFO | Saved new best checkpoint at epoch 33 (val_loss: 0.024972) -> /kaggle/working/PV-forecasting-DL/experiments/proposed_no_fusion/horizon_15/run_5/checkpoints/best_checkpoint.pt
2026-07-26 15:01:41 | INFO | Epoch 34/100 | train_loss: 0.031863 | val_loss: 0.025442 | rmse: 0.159506 | mae: 0.061594 | mape: 55.0211% | r2: 0.974095 | nrmse: 0.046934 | lr: 0.00025000
2026-07-26 15:02:11 | INFO | Epoch 35/100 | train_loss: 0.031842 | val_loss: 0.025078 | rmse: 0.158362 | mae: 0.059087 | mape: 52.3646% | r2: 0.974465 | nrmse: 0.046597 | lr: 0.00025000
2026-07-26 15:02:42 | INFO | Epoch 36/100 | train_loss: 0.031876 | val_loss: 0.025180 | rmse: 0.158683 | mae: 0.057241 | mape: 51.6004% | r2: 0.974362 | nrmse: 0.046692 | lr: 0.00025000
2026-07-26 15:03:15 | INFO | Epoch 37/100 | train_loss: 0.031827 | val_loss: 0.024827 | rmse: 0.157564 | mae: 0.057581 | mape: 53.8199% | r2: 0.974722 | nrmse: 0.046363 | lr: 0.00025000
2026-07-26 15:03:15 | INFO | Saved new best checkpoint at epoch 37 (val_loss: 0.024827) -> /kaggle/working/PV-forecasting-DL/experiments/proposed_no_fusion/horizon_15/run_5/checkpoints/best_checkpoint.pt
2026-07-26 15:03:46 | INFO | Epoch 38/100 | train_loss: 0.031842 | val_loss: 0.025056 | rmse: 0.158289 | mae: 0.060004 | mape: 53.8321% | r2: 0.974489 | nrmse: 0.046576 | lr: 0.00025000
2026-07-26 15:04:16 | INFO | Epoch 39/100 | train_loss: 0.031764 | val_loss: 0.024886 | rmse: 0.157752 | mae: 0.055684 | mape: 54.5931% | r2: 0.974662 | nrmse: 0.046418 | lr: 0.00025000
2026-07-26 15:04:47 | INFO | Epoch 40/100 | train_loss: 0.031801 | val_loss: 0.026043 | rmse: 0.161378 | mae: 0.067206 | mape: 54.5712% | r2: 0.973483 | nrmse: 0.047485 | lr: 0.00025000
2026-07-26 15:05:17 | INFO | Epoch 41/100 | train_loss: 0.031824 | val_loss: 0.024915 | rmse: 0.157844 | mae: 0.057599 | mape: 55.8883% | r2: 0.974632 | nrmse: 0.046445 | lr: 0.00025000
2026-07-26 15:05:48 | INFO | Epoch 42/100 | train_loss: 0.031729 | val_loss: 0.025079 | rmse: 0.158363 | mae: 0.059539 | mape: 54.3401% | r2: 0.974465 | nrmse: 0.046598 | lr: 0.00025000
2026-07-26 15:06:19 | INFO | Epoch 43/100 | train_loss: 0.031810 | val_loss: 0.025005 | rmse: 0.158130 | mae: 0.056712 | mape: 54.1368% | r2: 0.974540 | nrmse: 0.046529 | lr: 0.00012500
2026-07-26 15:06:50 | INFO | Epoch 44/100 | train_loss: 0.031693 | val_loss: 0.024800 | rmse: 0.157481 | mae: 0.057187 | mape: 55.0385% | r2: 0.974749 | nrmse: 0.046338 | lr: 0.00012500
2026-07-26 15:06:50 | INFO | Saved new best checkpoint at epoch 44 (val_loss: 0.024800) -> /kaggle/working/PV-forecasting-DL/experiments/proposed_no_fusion/horizon_15/run_5/checkpoints/best_checkpoint.pt
2026-07-26 15:07:21 | INFO | Epoch 45/100 | train_loss: 0.031584 | val_loss: 0.024961 | rmse: 0.157991 | mae: 0.056389 | mape: 54.1281% | r2: 0.974585 | nrmse: 0.046488 | lr: 0.00012500
2026-07-26 15:07:53 | INFO | Epoch 46/100 | train_loss: 0.031559 | val_loss: 0.024951 | rmse: 0.157958 | mae: 0.055846 | mape: 52.9139% | r2: 0.974596 | nrmse: 0.046478 | lr: 0.00012500
2026-07-26 15:08:26 | INFO | Epoch 47/100 | train_loss: 0.031582 | val_loss: 0.024822 | rmse: 0.157551 | mae: 0.054981 | mape: 53.6963% | r2: 0.974726 | nrmse: 0.046359 | lr: 0.00012500
2026-07-26 15:08:57 | INFO | Epoch 48/100 | train_loss: 0.031511 | val_loss: 0.025800 | rmse: 0.160623 | mae: 0.060869 | mape: 53.5027% | r2: 0.973731 | nrmse: 0.047263 | lr: 0.00012500
2026-07-26 15:09:27 | INFO | Epoch 49/100 | train_loss: 0.031528 | val_loss: 0.025235 | rmse: 0.158856 | mae: 0.060362 | mape: 51.1704% | r2: 0.974306 | nrmse: 0.046743 | lr: 0.00012500
2026-07-26 15:09:57 | INFO | Epoch 50/100 | train_loss: 0.031540 | val_loss: 0.024740 | rmse: 0.157289 | mae: 0.055174 | mape: 54.1005% | r2: 0.974810 | nrmse: 0.046282 | lr: 0.00012500
2026-07-26 15:09:57 | INFO | Saved new best checkpoint at epoch 50 (val_loss: 0.024740) -> /kaggle/working/PV-forecasting-DL/experiments/proposed_no_fusion/horizon_15/run_5/checkpoints/best_checkpoint.pt
2026-07-26 15:10:29 | INFO | Epoch 51/100 | train_loss: 0.031531 | val_loss: 0.025412 | rmse: 0.159411 | mae: 0.059450 | mape: 55.9611% | r2: 0.974126 | nrmse: 0.046906 | lr: 0.00012500
2026-07-26 15:11:00 | INFO | Epoch 52/100 | train_loss: 0.031502 | val_loss: 0.025293 | rmse: 0.159039 | mae: 0.059079 | mape: 54.7794% | r2: 0.974247 | nrmse: 0.046797 | lr: 0.00012500
2026-07-26 15:11:30 | INFO | Epoch 53/100 | train_loss: 0.031524 | val_loss: 0.025600 | rmse: 0.159999 | mae: 0.061221 | mape: 53.6228% | r2: 0.973935 | nrmse: 0.047079 | lr: 0.00012500
2026-07-26 15:12:01 | INFO | Epoch 54/100 | train_loss: 0.031399 | val_loss: 0.025048 | rmse: 0.158267 | mae: 0.057158 | mape: 53.0581% | r2: 0.974496 | nrmse: 0.046569 | lr: 0.00012500
2026-07-26 15:12:32 | INFO | Epoch 55/100 | train_loss: 0.031531 | val_loss: 0.024948 | rmse: 0.157948 | mae: 0.055834 | mape: 53.6764% | r2: 0.974599 | nrmse: 0.046476 | lr: 0.00012500
2026-07-26 15:13:05 | INFO | Epoch 56/100 | train_loss: 0.031453 | val_loss: 0.024875 | rmse: 0.157718 | mae: 0.056532 | mape: 54.2203% | r2: 0.974673 | nrmse: 0.046408 | lr: 0.00006250
2026-07-26 15:13:38 | INFO | Epoch 57/100 | train_loss: 0.031350 | val_loss: 0.024940 | rmse: 0.157925 | mae: 0.055984 | mape: 52.0496% | r2: 0.974606 | nrmse: 0.046469 | lr: 0.00006250
2026-07-26 15:14:09 | INFO | Epoch 58/100 | train_loss: 0.031382 | val_loss: 0.024815 | rmse: 0.157529 | mae: 0.057247 | mape: 53.0800% | r2: 0.974733 | nrmse: 0.046352 | lr: 0.00006250
2026-07-26 15:14:40 | INFO | Epoch 59/100 | train_loss: 0.031307 | val_loss: 0.024892 | rmse: 0.157771 | mae: 0.056227 | mape: 54.1049% | r2: 0.974656 | nrmse: 0.046423 | lr: 0.00006250
2026-07-26 15:15:11 | INFO | Epoch 60/100 | train_loss: 0.031325 | val_loss: 0.024925 | rmse: 0.157876 | mae: 0.058541 | mape: 53.8380% | r2: 0.974622 | nrmse: 0.046454 | lr: 0.00006250
2026-07-26 15:15:41 | INFO | Epoch 61/100 | train_loss: 0.031347 | val_loss: 0.024818 | rmse: 0.157537 | mae: 0.055226 | mape: 55.4045% | r2: 0.974731 | nrmse: 0.046355 | lr: 0.00006250
2026-07-26 15:16:11 | INFO | Epoch 62/100 | train_loss: 0.031351 | val_loss: 0.024779 | rmse: 0.157415 | mae: 0.055093 | mape: 54.2257% | r2: 0.974770 | nrmse: 0.046319 | lr: 0.00003125
2026-07-26 15:16:43 | INFO | Epoch 63/100 | train_loss: 0.031224 | val_loss: 0.025111 | rmse: 0.158465 | mae: 0.058147 | mape: 53.7198% | r2: 0.974432 | nrmse: 0.046628 | lr: 0.00003125
2026-07-26 15:17:16 | INFO | Epoch 64/100 | train_loss: 0.031214 | val_loss: 0.024821 | rmse: 0.157548 | mae: 0.055716 | mape: 53.8579% | r2: 0.974727 | nrmse: 0.046358 | lr: 0.00003125
2026-07-26 15:17:48 | INFO | Epoch 65/100 | train_loss: 0.031135 | val_loss: 0.025136 | rmse: 0.158545 | mae: 0.057517 | mape: 54.9040% | r2: 0.974406 | nrmse: 0.046651 | lr: 0.00003125
2026-07-26 15:17:48 | INFO | Early stopping triggered at epoch 65 (no improvement for 15 epochs).
2026-07-26 15:17:48 | INFO | Training history saved to /kaggle/working/PV-forecasting-DL/experiments/proposed_no_fusion/horizon_15/run_5/history.json
2026-07-26 15:17:49 | INFO | Baseline experiment analysis complete for /kaggle/working/PV-forecasting-DL/experiments/proposed_no_fusion/horizon_15/run_5.
